{"validFrom": "20160108184123", "certificate": "-----BEGIN CERTIFICATE-----\nMIIDwzCCAqugAwIBAgICEAAwDQYJKoZIhvcNAQEFBQAwSDELMAkGA1UEBhMCVVMx\nFDASBgNVBAoMC2xvY2FsZG9tYWluMSMwIQYDVQQDDBpncGFkZ2V0dC5sb2NhbGRv\nbWFpbi4zNjc2MTAeFw0xNTEyMDMyMTQxMTZaFw0yNTEyMDEyMTQxMTZaMEgxCzAJ\nBgNVBAYTAlVTMRQwEgYDVQQKDAtsb2NhbGRvbWFpbjEjMCEGA1UEAwwaZ3BhZGdl\ndHQubG9jYWxkb21haW4uMzY3NjEwggEiMA0GCSqGSIb3DQEBAQUAA4IBDwAwggEK\nAoIBAQCpUyAuZaH7BUaMAnYACa49KocOT2QZTSu8jLFv5I3ADWJQFewObRGy2Hx9\nTuw/5GwcKuyeFOsqE9r6l0g2yNZPytUfdaT3diQyoLsosrioqZhfnSKV5AfoSixn\nqirJ0A2VSjnFHjsexuDY2q9eNCMdrwrTPQzPGPVlo8mYsonTA8eeyu09JAc6uBsw\nG/cKl4kb91L7U0GAiMmtWxA6xBcS/L11ftqqgo9S6dTh0LcnVCFPAPIpmqIbtD58\n0l7StLUzmj4SEW2sjNmQkmj7O/TRiEqZX67T86HfF2wEaTWqBYuELImn9aJ0scA6\nm17L/UKDJp6hGB8OyRyyaS3PPLqFAgMBAAGjgbYwgbMwHQYDVR0OBBYEFLHxHvuD\n7ncaPZNkc7ZlGLaouFD0MHEGA1UdIwRqMGiAFLHxHvuD7ncaPZNkc7ZlGLaouFD0\noUykSjBIMQswCQYDVQQGEwJVUzEUMBIGA1UECgwLbG9jYWxkb21haW4xIzAhBgNV\nBAMMGmdwYWRnZXR0LmxvY2FsZG9tYWluLjM2NzYxggIQADAPBgNVHRMBAf8EBTAD\nAQH/MA4GA1UdDwEB/wQEAwIBBjANBgkqhkiG9w0BAQUFAAOCAQEAU4zOFj3Pdsu9\nBEKt+EumvnsVD01W1Ynz4vC8Kp0xBCAIBFcEiOWfCgIIrImtqDyS4RLmovc8T4aD\nkindYlIoF0Z6Me+kZ8f7uHW8Oh2BtTzp1cHfyQDWWL5OiULoyQd6/KJoxMnIRJlg\n9z1MMbNyApwjKQ7+UbtrmJV/LWowUonXhlsPkfPiAXI4LSyuxM9VkCY9qBhl4QO+\nmVMNuoJtKtyzbrxWlf/EYcDynR9y6B4iHVVTc6NGdu6+3vYwkLmVcmy/anXSZY4C\nKX4FrApD+yXePRcwawY64KSoAiMJ8Mpw0CHsvmGNzMFerNow201pSJjFpwjt8xgt\n8eKksgtQKQ==\n-----END CERTIFICATE-----\n", "salt": "fpRa2sAUTKk=", "validTo": "20470916202803", "signature": "LeLJA/MZxzN0Um4/Lcz5kgHkuz/mD64Q4EUlMrpeWDMQDlQj5ShGUrQltmZgOo6/2Q3ce68TqjYvx1/Z5C1RwvgjOPVr2S363WpK+xBGh6IFNm4AbToQ2ZhDOf/1qZ7b4Ex3lwAQLZ26m53/EaqfE3Rizmlo3vwwPxhIubImkiQ0LiNqQizv+75cBAW1xcbKzp+uTEp3bHqwr0c7V+s1du02wFLejki+/2QK/XsXxa52mbQSksJQxYAoqxS9ORfZjd6wutfsXIQaFcXOky9vjuQxIciCZzvnJHi15FLUKRc08SsC8VsL1jIJ0nN05rc79sAaM6pfUccn1t/RPqr/ug==", "signedFields": "data,validTo,validFrom,salt,digest", "data": "{\"key\": \"value\"}\n", "digest": "sha1"}